Hello, file I/O with syscalls!
