============================================
  COMPREHENSIVE HEAP MANAGEMENT TEST
============================================

[TEST 1] Pointer Declarations
  [OK] All pointer types declared
[TEST 2] Basic int allocation
  [OK] Int allocated
  [OK] Int freed
[TEST 3] Basic char allocation
  [OK] Char allocated
  [OK] Char freed
[TEST 4] Basic float allocation
  [OK] Float allocated
  [OK] Float freed
[TEST 5] Basic double allocation
  [OK] Double allocated
  [OK] Double freed
[TEST 6] Multiple allocations of same type
  [OK] Three ints allocated
  [OK] All three ints freed
[TEST 7] Multiple allocations of different types
  [OK] Multiple types allocated
  [OK] All types freed
[TEST 8] manual ownership with int
  [OK] manual ownership int allocated (explicit release follows)
[TEST 9] manual ownership with multiple types
  [OK] Multiple manual ownership allocations (explicit release follows)
[TEST 10] Mixed manual and manual ownership management
  [OK] Mixed allocations created
  [OK] Manual pointers freed (explicit releases follow)
[TEST 11] Sequential allocation and freeing
  [OK] Allocated p1
  [OK] Freed p1
  [OK] Allocated p2
  [OK] Freed p2
  [OK] Allocated p3
  [OK] Freed p3
[TEST 12] Nested scope with manual ownership
  [OK] Outer manual allocation
  [OK] Outer manual ownership allocation
  [OK] Outer manual freed
[TEST 13] Many pointers
  [OK] 10 pointers allocated
  [OK] 10 pointers freed
[TEST 14] Byte type allocation
  [OK] Byte allocated
  [OK] Byte freed
[TEST 15] Different order of free
  [OK] Three allocations
  [OK] Freed middle one
  [OK] Freed last one
  [OK] Freed first one
[TEST 16] manual ownership in function scope
  [OK] manual ownership variable in function
[TEST 17] Multiple reserve calls
  [OK] First reserve
  [OK] Second reserve
  [OK] Third reserve
[TEST 18] All data types together
  [OK] All 5 basic types allocated
  [OK] All 5 basic types freed (reverse order)
[TEST 19] manual ownership with all types
  [OK] All manual ownership types allocated (explicit release follows)
[TEST 20] Alternating manual and manual ownership
  [OK] Alternating allocations
  [OK] Manual pointers freed
[TEST 21] Struct allocation
  [OK] Struct allocated
  [OK] Struct freed
[TEST 22] Multiple struct allocations
  [OK] Multiple structs allocated
  [OK] Multiple structs freed
[TEST 23] manual ownership with structs
  [OK] manual ownership structs allocated (explicit release follows)

============================================
  ALL TESTS PASSED!
============================================
