============================================
  STRUCT HEAP MANAGEMENT TEST
============================================

[TEST 1] Basic struct allocation
  [OK] Point struct allocated
  [OK] Point struct freed
[TEST 2] Multiple struct allocations
  [OK] Three structs allocated
  [OK] Three structs freed
[TEST 3] GC with structs
  [OK] GC structs allocated (auto-freed)
[TEST 4] Mixed struct types
  [OK] Three different struct types allocated
  [OK] All struct types freed
[TEST 5] Manual and GC structs
  [OK] Manual and GC structs allocated
  [OK] Manual struct freed (GC auto-freed)
[TEST 6] Sequential struct operations
  [OK] Point allocated
  [OK] Point freed
  [OK] Rectangle allocated
  [OK] Rectangle freed
[TEST 7] Many struct pointers
  [OK] Five Point structs allocated
  [OK] Five Point structs freed
[TEST 8] Structs with different sizes
  [OK] Different sized structs allocated
  [OK] All different sized structs freed

============================================
  ALL STRUCT TESTS PASSED!
============================================
